2026-05-28 16:46:07.524 | INFO     | __main__:background_disk_monitor:57 - Running scheduled SMART scan . . .
2026-05-28 16:46:11.072 | INFO     | __main__:background_disk_monitor:63 - ========================================DISK SMART REPORT=========================================
2026-05-28 16:46:11.072 | INFO     | __main__:log_disk_info:26 - /dev/sda   | ATA      | KINGSTON SA400S37480G          | 31°C           | 1          | 90.0
2026-05-28 16:46:11.073 | INFO     | __main__:log_disk_info:26 - /dev/sdb   | ATA      | WDC WD5000AZLX-60K2TA0         | 36°C           | 1          | 90.0
2026-05-28 16:46:11.073 | INFO     | __main__:log_disk_info:26 - /dev/sdc   | ATA      | HGST HTS545050A7E680           | 32°C           | 1          | 100.0
2026-05-28 16:46:11.073 | INFO     | __main__:log_disk_info:26 - /dev/sdd   | ATA      | ST500LT012-1DG142              | 34°C           | 0          | 32.0
2026-05-28 16:46:11.073 | INFO     | __main__:log_disk_info:26 - /dev/sde   | NVMe     | WD_BLACK SN770 1TB             | 48°C           | 1          | 100.0
2026-05-28 16:46:11.073 | INFO     | __main__:background_disk_monitor:66 - ==================================================================================================
2026-05-28 16:46:11.074 | INFO     | alerts:detect_degradation:81 - ✅️ No disk alerts
2026-05-28 16:46:11.076 | INFO     | storage:update_latest:17 - ✅️ Report file has been updated
2026-05-28 16:46:11.080 | INFO     | storage:update_archive:54 - ✅️ Archive file has been updated
2026-05-28 16:49:50.795 | INFO     | __main__:background_disk_monitor:57 - Running scheduled SMART scan . . .
2026-05-28 16:49:54.379 | INFO     | __main__:background_disk_monitor:63 - ========================================DISK SMART REPORT=========================================
2026-05-28 16:49:54.380 | INFO     | __main__:log_disk_info:26 - /dev/sda   | ATA      | KINGSTON SA400S37480G          | 31°C           | 1          | 90.0
2026-05-28 16:49:54.380 | INFO     | __main__:log_disk_info:26 - /dev/sdb   | ATA      | WDC WD5000AZLX-60K2TA0         | 36°C           | 1          | 90.0
2026-05-28 16:49:54.380 | INFO     | __main__:log_disk_info:26 - /dev/sdc   | ATA      | HGST HTS545050A7E680           | 32°C           | 1          | 100.0
2026-05-28 16:49:54.380 | INFO     | __main__:log_disk_info:26 - /dev/sdd   | ATA      | ST500LT012-1DG142              | 34°C           | 0          | 32.0
2026-05-28 16:49:54.380 | INFO     | __main__:log_disk_info:26 - /dev/sde   | NVMe     | WD_BLACK SN770 1TB             | 48°C           | 1          | 100.0
2026-05-28 16:49:54.380 | INFO     | __main__:background_disk_monitor:66 - ==================================================================================================
2026-05-28 16:49:54.381 | INFO     | alerts:detect_degradation:81 - ✅️ No disk alerts
2026-05-28 16:49:54.383 | INFO     | storage:update_latest:17 - ✅️ Report file has been updated
2026-05-28 16:49:54.387 | INFO     | storage:update_archive:54 - ✅️ Archive file has been updated
2026-05-28 17:32:19.067 | INFO     | __main__:background_disk_monitor:57 - Running scheduled SMART scan . . .
2026-05-28 17:32:23.008 | INFO     | __main__:background_disk_monitor:63 - ========================================DISK SMART REPORT=========================================
2026-05-28 17:32:23.008 | INFO     | __main__:log_disk_info:26 - /dev/sda   | ATA      | KINGSTON SA400S37480G          | 31°C           | 1          | 90.0
2026-05-28 17:32:23.009 | INFO     | __main__:log_disk_info:26 - /dev/sdb   | ATA      | WDC WD5000AZLX-60K2TA0         | 36°C           | 1          | 90.0
2026-05-28 17:32:23.009 | INFO     | __main__:log_disk_info:26 - /dev/sdc   | ATA      | HGST HTS545050A7E680           | 32°C           | 1          | 100.0
2026-05-28 17:32:23.009 | INFO     | __main__:log_disk_info:26 - /dev/sdd   | ATA      | ST500LT012-1DG142              | 34°C           | 0          | 32.0
2026-05-28 17:32:23.009 | INFO     | __main__:log_disk_info:26 - /dev/sde   | NVMe     | WD_BLACK SN770 1TB             | 49°C           | 1          | 100.0
2026-05-28 17:32:23.009 | INFO     | __main__:background_disk_monitor:66 - ==================================================================================================
2026-05-28 17:32:23.009 | INFO     | alerts:detect_degradation:81 - ✅️ No disk alerts
2026-05-28 17:32:23.012 | INFO     | storage:update_latest:17 - ✅️ Report file has been updated
2026-05-28 17:32:23.018 | INFO     | storage:update_archive:54 - ✅️ Archive file has been updated
2026-05-28 22:02:03.980 | INFO     | __main__:background_disk_monitor:57 - Running scheduled SMART scan . . .
2026-05-28 22:02:07.298 | INFO     | __main__:background_disk_monitor:63 - ========================================DISK SMART REPORT=========================================
2026-05-28 22:02:07.298 | INFO     | __main__:log_disk_info:26 - /dev/sda   | ATA      | KINGSTON SA400S37480G          | 28°C           | 1          | 90.0
2026-05-28 22:02:07.298 | INFO     | __main__:log_disk_info:26 - /dev/sdb   | ATA      | WDC WD5000AZLX-60K2TA0         | 28°C           | 1          | 90.0
2026-05-28 22:02:07.298 | INFO     | __main__:log_disk_info:26 - /dev/sdc   | ATA      | HGST HTS545050A7E680           | 26°C           | 1          | 100.0
2026-05-28 22:02:07.298 | INFO     | __main__:log_disk_info:26 - /dev/sdd   | ATA      | TOSHIBA MQ01ABF050             | 25°C           | 1          | 100.0
2026-05-28 22:02:07.298 | INFO     | __main__:log_disk_info:26 - /dev/sde   | NVMe     | WD_BLACK SN770 1TB             | 38°C           | 1          | 100.0
2026-05-28 22:02:07.298 | INFO     | __main__:background_disk_monitor:66 - ==================================================================================================
2026-05-28 22:02:07.306 | INFO     | alerts:detect_degradation:81 - ✅️ No disk alerts
2026-05-28 22:02:07.309 | INFO     | storage:update_latest:17 - ✅️ Report file has been updated
2026-05-28 22:02:07.341 | INFO     | storage:update_archive:54 - ✅️ Archive file has been updated
2026-05-29 10:02:07.342 | INFO     | __main__:background_disk_monitor:57 - Running scheduled SMART scan . . .
2026-05-29 10:02:11.741 | INFO     | __main__:background_disk_monitor:63 - ========================================DISK SMART REPORT=========================================
2026-05-29 10:02:11.741 | INFO     | __main__:log_disk_info:26 - /dev/sda   | ATA      | KINGSTON SA400S37480G          | 28°C           | 1          | 90.0
2026-05-29 10:02:11.741 | INFO     | __main__:log_disk_info:26 - /dev/sdb   | ATA      | WDC WD5000AZLX-60K2TA0         | 33°C           | 1          | 90.0
2026-05-29 10:02:11.742 | INFO     | __main__:log_disk_info:26 - /dev/sdc   | ATA      | HGST HTS545050A7E680           | 28°C           | 1          | 100.0
2026-05-29 10:02:11.742 | INFO     | __main__:log_disk_info:26 - /dev/sdd   | ATA      | TOSHIBA MQ01ABF050             | 30°C           | 1          | 100.0
2026-05-29 10:02:11.742 | INFO     | __main__:log_disk_info:26 - /dev/sde   | NVMe     | WD_BLACK SN770 1TB             | 44°C           | 1          | 100.0
2026-05-29 10:02:11.742 | ERROR    | __main__:background_disk_monitor:84 - Background SMART scan failed: unsupported format string passed to NoneType.__format__
2026-05-29 11:07:18.205 | INFO     | __main__:background_disk_monitor:57 - Running scheduled SMART scan . . .
2026-05-29 11:07:19.637 | INFO     | __main__:background_disk_monitor:63 - ========================================DISK SMART REPORT=========================================
2026-05-29 11:07:19.637 | INFO     | __main__:log_disk_info:26 - /dev/sda   | ATA      | KINGSTON SA400S37480G          | 28°C           | 1          | 90.0
2026-05-29 11:07:19.638 | INFO     | __main__:log_disk_info:26 - /dev/sdb   | ATA      | WDC WD5000AZLX-60K2TA0         | 33°C           | 1          | 90.0
2026-05-29 11:07:19.638 | INFO     | __main__:log_disk_info:26 - /dev/sdc   | ATA      | HGST HTS545050A7E680           | 28°C           | 1          | 100.0
2026-05-29 11:07:19.638 | INFO     | __main__:log_disk_info:26 - /dev/sdd   | ATA      | TOSHIBA MQ01ABF050             | 30°C           | 1          | 100.0
2026-05-29 11:07:19.638 | INFO     | __main__:log_disk_info:26 - /dev/sde   | NVMe     | WD_BLACK SN770 1TB             | 44°C           | 1          | 100.0
2026-05-29 11:07:19.638 | INFO     | __main__:background_disk_monitor:66 - ==================================================================================================
2026-05-29 11:07:19.639 | INFO     | alerts:detect_degradation:81 - ✅️ No disk alerts
2026-05-29 11:07:19.641 | INFO     | storage:update_latest:17 - ✅️ Report file has been updated
2026-05-29 11:07:19.667 | INFO     | storage:update_archive:54 - ✅️ Archive file has been updated
2026-05-29 11:09:07.836 | INFO     | __main__:background_disk_monitor:57 - Running scheduled SMART scan . . .
2026-05-29 11:09:11.074 | INFO     | __main__:background_disk_monitor:63 - ========================================DISK SMART REPORT=========================================
2026-05-29 11:09:11.074 | INFO     | __main__:log_disk_info:26 - /dev/sda   | ATA      | KINGSTON SA400S37480G          | 28°C           | 1          | 90.0
2026-05-29 11:09:11.074 | INFO     | __main__:log_disk_info:26 - /dev/sdb   | ATA      | WDC WD5000AZLX-60K2TA0         | 33°C           | 1          | 90.0
2026-05-29 11:09:11.074 | INFO     | __main__:log_disk_info:26 - /dev/sdc   | ATA      | HGST HTS545050A7E680           | 28°C           | 1          | 100.0
2026-05-29 11:09:11.074 | INFO     | __main__:log_disk_info:26 - /dev/sdd   | ATA      | TOSHIBA MQ01ABF050             | 30°C           | 1          | 100.0
2026-05-29 11:09:11.075 | INFO     | __main__:log_disk_info:26 - /dev/sde   | NVMe     | WD_BLACK SN770 1TB             | 44°C           | 1          | 100.0
2026-05-29 11:09:11.075 | INFO     | __main__:background_disk_monitor:66 - ==================================================================================================
2026-05-29 11:09:11.075 | INFO     | alerts:detect_degradation:81 - ✅️ No disk alerts
2026-05-29 11:09:11.078 | INFO     | storage:update_latest:17 - ✅️ Report file has been updated
2026-05-29 11:09:11.086 | INFO     | storage:update_archive:54 - ✅️ Archive file has been updated
2026-05-29 11:11:50.241 | INFO     | __main__:background_disk_monitor:57 - Running scheduled SMART scan . . .
2026-05-29 11:11:53.263 | INFO     | __main__:background_disk_monitor:63 - ========================================DISK SMART REPORT=========================================
2026-05-29 11:11:53.264 | INFO     | __main__:log_disk_info:26 - /dev/sda   | ATA      | KINGSTON SA400S37480G          | 28°C           | 1          | 90.0
2026-05-29 11:11:53.264 | INFO     | __main__:log_disk_info:26 - /dev/sdb   | ATA      | WDC WD5000AZLX-60K2TA0         | 33°C           | 1          | 90.0
2026-05-29 11:11:53.264 | INFO     | __main__:log_disk_info:26 - /dev/sdc   | ATA      | HGST HTS545050A7E680           | 28°C           | 1          | 100.0
2026-05-29 11:11:53.264 | INFO     | __main__:log_disk_info:26 - /dev/sdd   | ATA      | TOSHIBA MQ01ABF050             | 30°C           | 1          | 100.0
2026-05-29 11:11:53.264 | INFO     | __main__:log_disk_info:26 - /dev/sde   | NVMe     | WD_BLACK SN770 1TB             | 44°C           | 1          | 100.0
2026-05-29 11:11:53.264 | INFO     | __main__:background_disk_monitor:66 - ==================================================================================================
2026-05-29 11:11:53.264 | INFO     | alerts:detect_degradation:81 - ✅️ No disk alerts
2026-05-29 11:11:53.267 | INFO     | storage:update_latest:17 - ✅️ Report file has been updated
2026-05-29 11:11:53.275 | INFO     | storage:update_archive:54 - ✅️ Archive file has been updated
2026-05-29 11:14:39.025 | INFO     | __main__:background_disk_monitor:57 - Running scheduled SMART scan . . .
2026-05-29 11:14:42.088 | INFO     | __main__:background_disk_monitor:63 - ========================================DISK SMART REPORT=========================================
2026-05-29 11:14:42.089 | INFO     | __main__:log_disk_info:26 - /dev/sda   | ATA      | KINGSTON SA400S37480G          | 29°C           | 1          | 90.0
2026-05-29 11:14:42.089 | INFO     | __main__:log_disk_info:26 - /dev/sdb   | ATA      | WDC WD5000AZLX-60K2TA0         | 33°C           | 1          | 90.0
2026-05-29 11:14:42.089 | INFO     | __main__:log_disk_info:26 - /dev/sdc   | ATA      | HGST HTS545050A7E680           | 28°C           | 1          | 100.0
2026-05-29 11:14:42.089 | INFO     | __main__:log_disk_info:26 - /dev/sdd   | ATA      | TOSHIBA MQ01ABF050             | 31°C           | 1          | 100.0
2026-05-29 11:14:42.089 | INFO     | __main__:log_disk_info:26 - /dev/sde   | NVMe     | WD_BLACK SN770 1TB             | 44°C           | 1          | 100.0
2026-05-29 11:14:42.089 | INFO     | __main__:background_disk_monitor:66 - ==================================================================================================
2026-05-29 11:14:42.089 | INFO     | alerts:detect_degradation:81 - ✅️ No disk alerts
2026-05-29 11:14:42.092 | INFO     | storage:update_latest:17 - ✅️ Report file has been updated
2026-05-29 11:14:42.100 | INFO     | storage:update_archive:54 - ✅️ Archive file has been updated
2026-05-29 11:16:34.485 | INFO     | __main__:background_disk_monitor:57 - Running scheduled SMART scan . . .
2026-05-29 11:16:37.584 | INFO     | __main__:background_disk_monitor:63 - ========================================DISK SMART REPORT=========================================
2026-05-29 11:16:37.585 | INFO     | __main__:log_disk_info:26 - /dev/sda   | ATA      | KINGSTON SA400S37480G          | 29°C           | 1          | 90.0
2026-05-29 11:16:37.585 | INFO     | __main__:log_disk_info:26 - /dev/sdb   | ATA      | WDC WD5000AZLX-60K2TA0         | 33°C           | 1          | 90.0
2026-05-29 11:16:37.585 | INFO     | __main__:log_disk_info:26 - /dev/sdc   | ATA      | HGST HTS545050A7E680           | 28°C           | 1          | 100.0
2026-05-29 11:16:37.585 | INFO     | __main__:log_disk_info:26 - /dev/sdd   | ATA      | TOSHIBA MQ01ABF050             | 31°C           | 1          | 100.0
2026-05-29 11:16:37.585 | INFO     | __main__:log_disk_info:26 - /dev/sde   | NVMe     | WD_BLACK SN770 1TB             | 44°C           | 1          | 100.0
2026-05-29 11:16:37.585 | INFO     | __main__:background_disk_monitor:66 - ==================================================================================================
2026-05-29 11:16:37.585 | INFO     | alerts:detect_degradation:81 - ✅️ No disk alerts
2026-05-29 11:16:37.588 | INFO     | storage:update_latest:17 - ✅️ Report file has been updated
2026-05-29 11:16:37.596 | INFO     | storage:update_archive:54 - ✅️ Archive file has been updated
2026-05-29 11:35:03.258 | INFO     | __main__:background_disk_monitor:57 - Running scheduled SMART scan . . .
2026-05-29 11:35:06.591 | INFO     | __main__:background_disk_monitor:63 - ========================================DISK SMART REPORT=========================================
2026-05-29 11:35:06.591 | INFO     | __main__:log_disk_info:26 - /dev/sda   | ATA      | KINGSTON SA400S37480G          | 29°C           | 1          | 90.0
2026-05-29 11:35:06.591 | INFO     | __main__:log_disk_info:26 - /dev/sdb   | ATA      | WDC WD5000AZLX-60K2TA0         | 33°C           | 1          | 90.0
2026-05-29 11:35:06.591 | INFO     | __main__:log_disk_info:26 - /dev/sdc   | ATA      | HGST HTS545050A7E680           | 28°C           | 1          | 100.0
2026-05-29 11:35:06.591 | INFO     | __main__:log_disk_info:26 - /dev/sdd   | ATA      | TOSHIBA MQ01ABF050             | 31°C           | 1          | 100.0
2026-05-29 11:35:06.591 | INFO     | __main__:log_disk_info:26 - /dev/sde   | NVMe     | WD_BLACK SN770 1TB             | 44°C           | 1          | 100.0
2026-05-29 11:35:06.591 | INFO     | __main__:background_disk_monitor:66 - ==================================================================================================
2026-05-29 11:35:06.591 | INFO     | alerts:detect_degradation:81 - ✅️ No disk alerts
2026-05-29 11:35:06.594 | INFO     | storage:update_latest:17 - ✅️ Report file has been updated
2026-05-29 11:35:06.603 | INFO     | storage:update_archive:54 - ✅️ Archive file has been updated
2026-05-29 12:26:28.884 | INFO     | __main__:background_disk_monitor:57 - Running scheduled SMART scan . . .
2026-05-29 12:26:31.961 | INFO     | __main__:background_disk_monitor:63 - ========================================DISK SMART REPORT=========================================
2026-05-29 12:26:31.961 | INFO     | __main__:log_disk_info:26 - /dev/sda   | ATA      | KINGSTON SA400S37480G          | 29°C           | 1          | 90.0
2026-05-29 12:26:31.961 | INFO     | __main__:log_disk_info:26 - /dev/sdb   | ATA      | WDC WD5000AZLX-60K2TA0         | 33°C           | 1          | 90.0
2026-05-29 12:26:31.961 | INFO     | __main__:log_disk_info:26 - /dev/sdc   | ATA      | HGST HTS545050A7E680           | 28°C           | 1          | 100.0
2026-05-29 12:26:31.961 | INFO     | __main__:log_disk_info:26 - /dev/sdd   | ATA      | TOSHIBA MQ01ABF050             | 31°C           | 1          | 100.0
2026-05-29 12:26:31.961 | INFO     | __main__:log_disk_info:26 - /dev/sde   | NVMe     | WD_BLACK SN770 1TB             | 44°C           | 1          | 100.0
2026-05-29 12:26:31.961 | INFO     | __main__:background_disk_monitor:66 - ==================================================================================================
2026-05-29 12:26:31.961 | INFO     | alerts:detect_degradation:81 - ✅️ No disk alerts
2026-05-29 12:26:31.964 | INFO     | storage:update_latest:17 - ✅️ Report file has been updated
2026-05-29 12:26:31.972 | INFO     | storage:update_archive:54 - ✅️ Archive file has been updated
2026-05-29 16:29:09.113 | INFO     | __main__:background_disk_monitor:57 - Running scheduled SMART scan . . .
2026-05-29 16:29:10.525 | INFO     | __main__:background_disk_monitor:63 - ========================================DISK SMART REPORT=========================================
2026-05-29 16:29:10.525 | INFO     | __main__:log_disk_info:26 - /dev/sda   | ATA      | KINGSTON SA400S37480G          | 29°C           | 1          | 90.0
2026-05-29 16:29:10.525 | INFO     | __main__:log_disk_info:26 - /dev/sdb   | ATA      | WDC WD5000AZLX-60K2TA0         | 33°C           | 1          | 90.0
2026-05-29 16:29:10.525 | INFO     | __main__:log_disk_info:26 - /dev/sdc   | ATA      | HGST HTS545050A7E680           | 28°C           | 1          | 100.0
2026-05-29 16:29:10.525 | INFO     | __main__:log_disk_info:26 - /dev/sdd   | ATA      | TOSHIBA MQ01ABF050             | 31°C           | 1          | 100.0
2026-05-29 16:29:10.525 | INFO     | __main__:log_disk_info:26 - /dev/sde   | NVMe     | WD_BLACK SN770 1TB             | 44°C           | 1          | 100.0
2026-05-29 16:29:10.525 | INFO     | __main__:background_disk_monitor:66 - ==================================================================================================
2026-05-29 16:29:10.526 | INFO     | alerts:detect_degradation:81 - ✅️ No disk alerts
2026-05-29 16:29:10.528 | INFO     | storage:update_latest:17 - ✅️ Report file has been updated
2026-05-29 16:29:10.537 | INFO     | storage:update_archive:54 - ✅️ Archive file has been updated
2026-05-29 17:25:06.521 | INFO     | __main__:background_disk_monitor:57 - Running scheduled SMART scan . . .
2026-05-29 17:25:07.831 | INFO     | __main__:background_disk_monitor:63 - ========================================DISK SMART REPORT=========================================
2026-05-29 17:25:07.831 | INFO     | __main__:log_disk_info:26 - /dev/sda   | ATA      | KINGSTON SA400S37480G          | 29°C           | 1          | 90.0
2026-05-29 17:25:07.831 | INFO     | __main__:log_disk_info:26 - /dev/sdb   | ATA      | WDC WD5000AZLX-60K2TA0         | 33°C           | 1          | 90.0
2026-05-29 17:25:07.831 | INFO     | __main__:log_disk_info:26 - /dev/sdc   | ATA      | HGST HTS545050A7E680           | 28°C           | 1          | 100.0
2026-05-29 17:25:07.831 | INFO     | __main__:log_disk_info:26 - /dev/sdd   | ATA      | TOSHIBA MQ01ABF050             | 31°C           | 1          | 100.0
2026-05-29 17:25:07.831 | INFO     | __main__:log_disk_info:26 - /dev/sde   | NVMe     | WD_BLACK SN770 1TB             | 44°C           | 1          | 100.0
2026-05-29 17:25:07.831 | INFO     | __main__:background_disk_monitor:66 - ==================================================================================================
2026-05-29 17:25:07.832 | INFO     | alerts:detect_degradation:81 - ✅️ No disk alerts
2026-05-29 17:25:07.834 | INFO     | storage:update_latest:17 - ✅️ Report file has been updated
2026-05-29 17:25:07.844 | INFO     | storage:update_archive:54 - ✅️ Archive file has been updated
2026-05-29 17:26:44.924 | INFO     | __main__:background_disk_monitor:57 - Running scheduled SMART scan . . .
2026-05-29 17:26:46.364 | INFO     | __main__:background_disk_monitor:63 - ========================================DISK SMART REPORT=========================================
2026-05-29 17:26:46.364 | INFO     | __main__:log_disk_info:26 - /dev/sda   | ATA      | KINGSTON SA400S37480G          | 29°C           | 1          | 90.0
2026-05-29 17:26:46.364 | INFO     | __main__:log_disk_info:26 - /dev/sdb   | ATA      | WDC WD5000AZLX-60K2TA0         | 33°C           | 1          | 90.0
2026-05-29 17:26:46.364 | INFO     | __main__:log_disk_info:26 - /dev/sdc   | ATA      | HGST HTS545050A7E680           | 28°C           | 1          | 100.0
2026-05-29 17:26:46.364 | INFO     | __main__:log_disk_info:26 - /dev/sdd   | ATA      | TOSHIBA MQ01ABF050             | 31°C           | 1          | 100.0
2026-05-29 17:26:46.364 | INFO     | __main__:log_disk_info:26 - /dev/sde   | NVMe     | WD_BLACK SN770 1TB             | 44°C           | 1          | 100.0
2026-05-29 17:26:46.364 | INFO     | __main__:background_disk_monitor:66 - ==================================================================================================
2026-05-29 17:26:46.365 | INFO     | alerts:detect_degradation:81 - ✅️ No disk alerts
2026-05-29 17:26:46.367 | INFO     | storage:update_latest:17 - ✅️ Report file has been updated
2026-05-29 17:26:46.376 | INFO     | storage:update_archive:54 - ✅️ Archive file has been updated
2026-05-29 17:26:51.727 | INFO     | __main__:background_disk_monitor:57 - Running scheduled SMART scan . . .
2026-05-29 17:26:52.999 | INFO     | __main__:background_disk_monitor:63 - ========================================DISK SMART REPORT=========================================
2026-05-29 17:26:52.999 | INFO     | __main__:log_disk_info:26 - /dev/sda   | ATA      | KINGSTON SA400S37480G          | 29°C           | 1          | 90.0
2026-05-29 17:26:52.999 | INFO     | __main__:log_disk_info:26 - /dev/sdb   | ATA      | WDC WD5000AZLX-60K2TA0         | 33°C           | 1          | 90.0
2026-05-29 17:26:52.999 | INFO     | __main__:log_disk_info:26 - /dev/sdc   | ATA      | HGST HTS545050A7E680           | 28°C           | 1          | 100.0
2026-05-29 17:26:52.999 | INFO     | __main__:log_disk_info:26 - /dev/sdd   | ATA      | TOSHIBA MQ01ABF050             | 31°C           | 1          | 100.0
2026-05-29 17:26:52.999 | INFO     | __main__:log_disk_info:26 - /dev/sde   | NVMe     | WD_BLACK SN770 1TB             | 44°C           | 1          | 100.0
2026-05-29 17:26:52.999 | INFO     | __main__:background_disk_monitor:66 - ==================================================================================================
2026-05-29 17:26:53.000 | INFO     | alerts:detect_degradation:81 - ✅️ No disk alerts
2026-05-29 17:26:53.002 | INFO     | storage:update_latest:17 - ✅️ Report file has been updated
2026-05-29 17:26:53.012 | INFO     | storage:update_archive:54 - ✅️ Archive file has been updated
2026-05-29 17:27:29.376 | INFO     | __main__:background_disk_monitor:57 - Running scheduled SMART scan . . .
2026-05-29 17:27:30.681 | INFO     | __main__:background_disk_monitor:63 - ========================================DISK SMART REPORT=========================================
2026-05-29 17:27:30.682 | INFO     | __main__:log_disk_info:26 - /dev/sda   | ATA      | KINGSTON SA400S37480G          | 29°C           | 1          | 90.0
2026-05-29 17:27:30.682 | INFO     | __main__:log_disk_info:26 - /dev/sdb   | ATA      | WDC WD5000AZLX-60K2TA0         | 33°C           | 1          | 90.0
2026-05-29 17:27:30.682 | INFO     | __main__:log_disk_info:26 - /dev/sdc   | ATA      | HGST HTS545050A7E680           | 28°C           | 1          | 100.0
2026-05-29 17:27:30.682 | INFO     | __main__:log_disk_info:26 - /dev/sdd   | ATA      | TOSHIBA MQ01ABF050             | 31°C           | 1          | 100.0
2026-05-29 17:27:30.682 | INFO     | __main__:log_disk_info:26 - /dev/sde   | NVMe     | WD_BLACK SN770 1TB             | 44°C           | 1          | 100.0
2026-05-29 17:27:30.682 | INFO     | __main__:background_disk_monitor:66 - ==================================================================================================
2026-05-29 17:27:30.682 | INFO     | alerts:detect_degradation:81 - ✅️ No disk alerts
2026-05-29 17:27:30.685 | INFO     | storage:update_latest:17 - ✅️ Report file has been updated
2026-05-29 17:27:30.695 | INFO     | storage:update_archive:54 - ✅️ Archive file has been updated
